#-----------------------------------------------------------
# Vivado v2023.1 (64-bit)
# SW Build 3865809 on Sun May  7 15:05:29 MDT 2023
# IP Build 3864474 on Sun May  7 20:36:21 MDT 2023
# SharedData Build 3865790 on Sun May 07 13:33:03 MDT 2023
# Start of session at: Sat Jan 27 20:19:05 2024
# Process ID: 3264
# Current directory: C:/Users/alber/OneDrive/PC/UNI/MAGISTRALE/Lezioni/Architettura di Sistemi Digitali/Programmi/COMPLETATI TESI/11_CRONOMETRO/11_CRONOMETRO.runs/synth_1
# Command line: vivado.exe -log board_cronometro.vds -product Vivado -mode batch -messageDb vivado.pb -notrace -source board_cronometro.tcl
# Log file: C:/Users/alber/OneDrive/PC/UNI/MAGISTRALE/Lezioni/Architettura di Sistemi Digitali/Programmi/COMPLETATI TESI/11_CRONOMETRO/11_CRONOMETRO.runs/synth_1/board_cronometro.vds
# Journal file: C:/Users/alber/OneDrive/PC/UNI/MAGISTRALE/Lezioni/Architettura di Sistemi Digitali/Programmi/COMPLETATI TESI/11_CRONOMETRO/11_CRONOMETRO.runs/synth_1\vivado.jou
# Running On: MSI, OS: Windows, CPU Frequency: 2688 MHz, CPU Physical cores: 14, Host memory: 16870 MB
#-----------------------------------------------------------
source board_cronometro.tcl -notrace
